10:49:23 **** Incremental Build of configuration Debug for project Led_Animation ****
make -j8 all 
arm-none-eabi-gcc "../Core/Src/main.c" -mcpu=cortex-m3 -std=gnu11 -g3 -DDEBUG -DUSE_HAL_DRIVER -DSTM32F103x6 -c -I../Core/Inc -I../Drivers/STM32F1xx_HAL_Driver/Inc -I../Drivers/STM32F1xx_HAL_Driver/Inc/Legacy -I../Drivers/CMSIS/Device/ST/STM32F1xx/Include -I../Drivers/CMSIS/Include -O0 -ffunction-sections -fdata-sections -Wall -fstack-usage -MMD -MP -MF"Core/Src/main.d" -MT"Core/Src/main.o" --specs=nano.specs -mfloat-abi=soft -mthumb -o "Core/Src/main.o"
../Core/Src/main.c: In function 'main':
../Core/Src/main.c:168:7: warning: unused variable 'counter' [-Wunused-variable]
  168 |   int counter = 0;
      |       ^~~~~~~
../Core/Src/main.c:167:7: warning: unused variable 'count' [-Wunused-variable]
  167 |   int count = 1;
      |       ^~~~~
../Core/Src/main.c:166:7: warning: unused variable 'state' [-Wunused-variable]
  166 |   int state = 0;
      |       ^~~~~
At top level:
../Core/Src/main.c:103:9: warning: 'display7SEG' defined but not used [-Wunused-function]
  103 |   void  display7SEG(int num){
      |         ^~~~~~~~~~~
arm-none-eabi-gcc -o "Led_Animation.elf" @"objects.list"   -mcpu=cortex-m3 -T"D:\vxl-vdk\Led_Animation\STM32F103C6UX_FLASH.ld" --specs=nosys.specs -Wl,-Map="Led_Animation.map" -Wl,--gc-sections -static --specs=nano.specs -mfloat-abi=soft -mthumb -Wl,--start-group -lc -lm -Wl,--end-group
Finished building target: Led_Animation.elf
 
arm-none-eabi-size   Led_Animation.elf 
arm-none-eabi-objdump -h -S  Led_Animation.elf  > "Led_Animation.list"
arm-none-eabi-objcopy  -O ihex  Led_Animation.elf  "Led_Animation.hex"
arm-none-eabi-objcopy  -O binary  Led_Animation.elf  "Led_Animation.bin"
   text	   data	    bss	    dec	    hex	filename
   5052	     20	   1572	   6644	   19f4	Led_Animation.elf
Finished building: default.size.stdout
 
Finished building: Led_Animation.hex
Finished building: Led_Animation.bin
Finished building: Led_Animation.list
 
 
 

10:49:24 Build Finished. 0 errors, 4 warnings. (took 839ms)

